SQL> select username from dba_users;

USERNAME                                                                        
------------------------------------------------------------                    
SYS                                                                             
SYSTEM                                                                          
ANONYMOUS                                                                       
JAVA                                                                            
JS                                                                              
APEX_PUBLIC_USER                                                                
FLOWS_FILES                                                                     
APEX_040000                                                                     
OUTLN                                                                           
DIP                                                                             
ORACLE_OCM                                                                      

USERNAME                                                                        
------------------------------------------------------------                    
XS$NULL                                                                         
MDSYS                                                                           
CTXSYS                                                                          
DBSNMP                                                                          
XDB                                                                             
APPQOSSYS                                                                       
HR                                                                              

18 rows selected.

SQL> conn java/1234
Connected.
SQL> --ERD를 참고하여 테이블 생성하기
SQL> --E(Entiry) R(Relation) D(Diagram) = 개체관계도ㅓ
SQL> --반려동물의 보호자 만들기
SQL> create table owner(
  2  owner_id number primary key
  3  , owner_name varchar2(20)
  4  , phone varchar2(20)
  5  );

Table created.

SQL> --보호자 테이블에 pk 값을 자동 증가 시켜줄 시퀀스 생성
SQL> create sequence seq_owner
  2  increment by 1
  3  start with 1;

Sequence created.

SQL> create table animaltype(
  2  animaltype_id number primary key
  3  , type
  4  _name varchar2(25)
  5  );
_name varchar2(25)
*
ERROR at line 4:
ORA-00911: invalid character 


SQL> create table animaltype(
  2  animaltype_id number primary key
  3  , type_name varchar2(25)
  4  );

Table created.

SQL> create sequence seq_animaltype
  2  increment by 1
  3  start with 1;

Sequence created.

SQL> create table pet(
  2  pet_id number primary key
  3  , pet_name varchar2(20)
  4  , pet_age number
  5  , owner_id number
  6  , animaltype_id number
  7  , constraint fk_owner_pet foreign key(owner_id) references owner(owner_id)
  8  , constraint fk_animaltype_pet foreign key(animaltype_id) references animaltype(animaltype_id)
  9  );

Table created.

SQL> create sequence seq_pet
  2  increment by 1
  3  start with 1;

Sequence created.

SQL> spool off
